// Jest Snapshot v1, https://goo.gl/fbAQLP

exports[`<Review /> matches the snapshop 1`] = `
ReactShallowRenderer {
  "_context": Object {},
  "_didScheduleRenderPhaseUpdate": false,
  "_dispatcher": Object {
    "readContext": [Function],
    "useCallback": [Function],
    "useContext": [Function],
    "useDebugValue": [Function],
    "useEffect": [Function],
    "useImperativeHandle": [Function],
    "useLayoutEffect": [Function],
    "useMemo": [Function],
    "useReducer": [Function],
    "useRef": [Function],
    "useState": [Function],
  },
  "_element": <Review />,
  "_firstWorkInProgressHook": Object {
    "memoizedState": Array [],
    "next": null,
    "queue": Object {
      "dispatch": [Function],
      "first": null,
    },
  },
  "_forcedUpdate": false,
  "_instance": null,
  "_isReRender": false,
  "_newState": null,
  "_numberOfReRenders": 0,
  "_renderPhaseUpdates": null,
  "_rendered": <React.Fragment>
    <h3>
      No items in Cart
    </h3>
    <ContinueShopping />
  </React.Fragment>,
  "_rendering": false,
  "_updater": Updater {
    "_callbacks": Array [],
    "_renderer": [Circular],
  },
  "_workInProgressHook": null,
}
`;
